// Jest Snapshot v1, https://goo.gl/fbAQLP

exports[`Details Component should match the snapshot 1`] = `
Array [
  " ",
  <div>
    <div
      className=""
    >
      <div
        className="top-container"
      >
        <div
          className="img-wrapper"
        >
          <img
            className=""
          />
        </div>
        <div
          className="country-title"
        >
          <li
            className=""
          >
            <div
              className=""
            />
            <div
              className=""
            />
          </li>
          <li
            className=""
          >
            <div
              className=""
            />
            <div
              className=""
            />
          </li>
        </div>
      </div>
    </div>
    <div
      className="center"
    >
      COUNTRY BREAKDOWN - 2023
    </div>
    <div
      className="country-details-wrapper"
    >
      <ul
        className="country-details"
      >
        <li
          className=""
        >
          <div
            className=""
          >
            CAPITAL
          </div>
          <div
            className=""
          />
        </li>
        <li
          className=""
        >
          <div
            className=""
          >
            POPULATION
          </div>
          <div
            className=""
          />
        </li>
        <li
          className=""
        >
          <div
            className=""
          >
            AREA
          </div>
          <div
            className=""
          />
        </li>
        <li
          className=""
        >
          <div
            className=""
          >
            CURRENCY
          </div>
          <div
            className=""
          />
        </li>
        <li
          className=""
        >
          <div
            className=""
          >
            CALLING CODE
          </div>
          <div
            className=""
          />
        </li>
        <li
          className=""
        >
          <div
            className=""
          >
            TIMEZONES
          </div>
          <div
            className=""
          />
        </li>
      </ul>
    </div>
  </div>,
]
`;
